// Jest Snapshot v1, https://goo.gl/fbAQLP

exports[`purgecss loader should strip unused classes 1`] = `
"exports = module.exports = require(\\"../node_modules/css-loader/lib/css-base.js\\")(false);
// imports


// module
exports.push([module.id, \\"/*\\\\n * Copyright (c) 2018 American Express Travel Related Services Company, Inc.\\\\n *\\\\n * Licensed under the Apache License, Version 2.0 (the \\\\\\"License\\\\\\"); you may not use this file except\\\\n * in compliance with the License. You may obtain a copy of the License at\\\\n *\\\\n * http://www.apache.org/licenses/LICENSE-2.0\\\\n *\\\\n * Unless required by applicable law or agreed to in writing, software distributed under the License\\\\n * is distributed on an \\\\\\"AS IS\\\\\\" BASIS, WITHOUT WARRANTIES OR CONDITIONS OF ANY KIND, either express\\\\n * or implied. See the License for the specific language governing permissions and limitations under\\\\n * the License.\\\\n */\\\\n\\\\n.styles__isUsed___3xJqg {\\\\n  color: red;\\\\n}\\\\n\\", \\"\\"]);

// exports
exports.locals = {
	\\"isUsed\\": \\"styles__isUsed___3xJqg\\"
};"
`;
